// Jest Snapshot v1, https://goo.gl/fbAQLP

exports[`AppLottie Component renders correctly 1`] = `null`;

exports[`AppLottie Component should renders correctly 1`] = `null`;
